Generating BIP0032 test vector 1:
Creating master key and seed using 128 bits of entropy read from stdin
entropy: 000102030405060708090a0b0c0d0e0f
Keyspec: m
privkey: e8f32e723decf4051aefac8e2c93c9c5b214313817cdb01a1494b917c8436b35
wif:     L52XzL2cMkHxqxBXRyEpnPQZGUs3uKiL3R11XbAdHigRzDozKZeW
pubkey:  0339a36013301597daef41fbe593a02cc513d0b55527ec2df1050e2e8ff49c85c2
addr:    15mKKb2eos1hWa6tisdPwwDC1a5J1y9nma
xprv:    xprv9s21ZrQH143K3QTDL4LXw2F7HEK3wJUD2nW2nRk4stbPy6cq3jPPqjiChkVvvNKmPGJxWUtg6LnF5kejMRNNU3TGtRBeJgk33yuGBxrMPHi
xpub:    xpub661MyMwAqRbcFtXgS5sYJABqqG9YLmC4Q1Rdap9gSE8NqtwybGhePY2gZ29ESFjqJoCu1Rupje8YtGqsefD265TMg7usUDFdp6W1EGMcet8

Keyspec: m/0h
privkey: edb2e14f9ee77d26dd93b4ecede8d16ed408ce149b6cd80b0715a2d911a0afea
wif:     L5BmPijJjrKbiUfG4zbiFKNqkvuJ8usooJmzuD7Z8dkRoTThYnAT
pubkey:  035a784662a4a20a65bf6aab9ae98a6c068a81c52e4b032c0fb5400c706cfccc56
addr:    19Q2WoS5hSS6T8GjhK8KZLMgmWaq4neXrh
xprv:    xprv9uHRZZhk6KAJC1avXpDAp4MDc3sQKNxDiPvvkX8Br5ngLNv1TxvUxt4cV1rGL5hj6KCesnDYUhd7oWgT11eZG7XnxHrnYeSvkzY7d2bhkJ7
xpub:    xpub68Gmy5EdvgibQVfPdqkBBCHxA5htiqg55crXYuXoQRKfDBFA1WEjWgP6LHhwBZeNK1VTsfTFUHCdrfp1bgwQ9xv5ski8PX9rL2dZXvgGDnw

Keyspec: m/0h/1
privkey: 3c6cb8d0f6a264c91ea8b5030fadaa8e538b020f0a387421a12de9319dc93368
wif:     KyFAjQ5rgrKvhXvNMtFB5PCSKUYD1yyPEe3xr3T34TZSUHycXtMM
pubkey:  03501e454bf00751f24b1b489aa925215d66af2234e3891c3b21a52bedb3cd711c
addr:    1JQheacLPdM5ySCkrZkV66G2ApAXe1mqLj
xprv:    xprv9wTYmMFdV23N2TdNG573QoEsfRrWKQgWeibmLntzniatZvR9BmLnvSxqu53Kw1UmYPxLgboyZQaXwTCg8MSY3H2EU4pWcQDnRnrVA1xe8fs
xpub:    xpub6ASuArnXKPbfEwhqN6e3mwBcDTgzisQN1wXN9BJcM47sSikHjJf3UFHKkNAWbWMiGj7Wf5uMash7SyYq527Hqck2AxYysAA7xmALppuCkwQ

Keyspec: m/0h/1/2h
privkey: cbce0d719ecf7431d88e6a89fa1483e02e35092af60c042b1df2ff59fa424dca
wif:     L43t3od1Gh7Lj55Bzjj1xDAgJDcL7YFo2nEcNaMGiyRZS1CidBVU
pubkey:  0357bfe1e341d01c69fe5654309956cbea516822fba8a601743a012a7896ee8dc2
addr:    1NjxqbA9aZWnh17q1UW3rB4EPu79wDXj7x
xprv:    xprv9z4pot5VBttmtdRTWfWQmoH1taj2axGVzFqSb8C9xaxKymcFzXBDptWmT7FwuEzG3ryjH4ktypQSAewRiNMjANTtpgP4mLTj34bhnZX7UiM
xpub:    xpub6D4BDPcP2GT577Vvch3R8wDkScZWzQzMMUm3PWbmWvVJrZwQY4VUNgqFJPMM3No2dFDFGTsxxpG5uJh7n7epu4trkrX7x7DogT5Uv6fcLW5

Keyspec: m/0h/1/2h/2
privkey: 0f479245fb19a38a1954c5c7c0ebab2f9bdfd96a17563ef28a6a4b1a2a764ef4
wif:     KwjQsVuMjbCP2Zmr3VaFaStav7NvevwjvvkqrWd5Qmh1XVnCteBR
pubkey:  02e8445082a72f29b75ca48748a914df60622a609cacfce8ed0e35804560741d29
addr:    1LjmJcdPnDHhNTUgrWyhLGnRDKxQjoxAgt
xprv:    xprvA2JDeKCSNNZky6uBCviVfJSKyQ1mDYahRjijr5idH2WwLsEd4Hsb2Tyh8RfQMuPh7f7RtyzTtdrbdqqsunu5Mm3wDvUAKRHSC34sJ7in334
xpub:    xpub6FHa3pjLCk84BayeJxFW2SP4XRrFd1JYnxeLeU8EqN3vDfZmbqBqaGJAyiLjTAwm6ZLRQUMv1ZACTj37sR62cfN7fe5JnJ7dh8zL4fiyLHV

Keyspec: m/0h/1/2h/2/1000000000
privkey: 471b76e389e528d6de6d816857e012c5455051cad6660850e58372a6c3e6e7c8
wif:     Kybw8izYevo5xMh1TK7aUr7jHFCxXS1zv8p3oqFz3o2zFbhRXHYs
pubkey:  022a471424da5e657499d1ff51cb43c47481a03b1e77f951fe64cec9f5a48f7011
addr:    1LZiqrop2HGR4qrH1ULZPyBpU6AUP49Uam
xprv:    xprvA41z7zogVVwxVSgdKUHDy1SKmdb533PjDz7J6N6mV6uS3ze1ai8FHa8kmHScGpWmj4WggLyQjgPie1rFSruoUihUZREPSL39UNdE3BBDu76
xpub:    xpub6H1LXWLaKsWFhvm6RVpEL9P4KfRZSW7abD2ttkWP3SSQvnyA8FSVqNTEcYFgJS2UaFcxupHiYkro49S8yGasTvXEYBVPamhGW6cFJodrTHy

Generating BIP0032 test vector 2:
Creating master key and seed using 512 bits of entropy read from stdin
entropy: fffcf9f6f3f0edeae7e4e1dedbd8d5d2cfccc9c6c3c0bdbab7b4b1aeaba8a5a29f9c999693908d8a8784817e7b7875726f6c696663605d5a5754514e4b484542
Keyspec: m
privkey: 4b03d6fc340455b363f51020ad3ecca4f0850280cf436c70c727923f6db46c3e
wif:     KyjXhyHF9wTphBkfpxjL8hkDXDUSbE3tKANT94kXSyh6vn6nKaoy
pubkey:  03cbcaa9c98c877a26977d00825c956a238e8dddfbd322cce4f74b0b5bd6ace4a7
addr:    1JEoxevbLLG8cVqeoGKQiAwoWbNYSUyYjg
xprv:    xprv9s21ZrQH143K31xYSDQpPDxsXRTUcvj2iNHm5NUtrGiGG5e2DtALGdso3pGz6ssrdK4PFmM8NSpSBHNqPqm55Qn3LqFtT2emdEXVYsCzC2U
xpub:    xpub661MyMwAqRbcFW31YEwpkMuc5THy2PSt5bDMsktWQcFF8syAmRUapSCGu8ED9W6oDMSgv6Zz8idoc4a6mr8BDzTJY47LJhkJ8UB7WEGuduB

Keyspec: m/0
privkey: abe74a98f6c7eabee0428f53798f0ab8aa1bd37873999041703c742f15ac7e1e
wif:     L2ysLrR6KMSAtx7uPqmYpoTeiRzydXBattRXjXz5GDFPrdfPzKbj
pubkey:  02fc9e5af0ac8d9b3cecfe2a888e2117ba3d089d8585886c9c826b6b22a98d12ea
addr:    19EuDJdgfRkwCmRzbzVBHZWQG9QNWhftbZ
xprv:    xprv9vHkqa6EV4sPZHYqZznhT2NPtPCjKuDKGY38FBWLvgaDx45zo9WQRUT3dKYnjwih2yJD9mkrocEZXo1ex8G81dwSM1fwqWpWkeS3v86pgKt
xpub:    xpub69H7F5d8KSRgmmdJg2KhpAK8SR3DjMwAdkxj3ZuxV27CprR9LgpeyGmXUbC6wb7ERfvrnKZjXoUmmDznezpbZb7ap6r1D3tgFxHmwMkQTPH

Keyspec: m/0/2147483647h
privkey: 877c779ad9687164e9c2f4f0f4ff0340814392330693ce95a58fe18fd52e6e93
wif:     L1m5VpbXmMp57P3knskwhoMTLdhAAaXiHvnGLMribbfwzVRpz2Sr
pubkey:  03c01e7425647bdefa82b12d9bad5e3e6865bee0502694b94ca58b666abc0a5c3b
addr:    1Lke9bXGhn5VPrBuXgN12uGUphrttUErmk
xprv:    xprv9wSp6B7kry3Vj9m1zSnLvN3xH8RdsPP1Mh7fAaR7aRLcQMKTR2vidYEeEg2mUCTAwCd6vnxVrcjfy2kRgVsFawNzmjuHc2YmYRmagcEPdU9
xpub:    xpub6ASAVgeehLbnwdqV6UKMHVzgqAG8Gr6riv3Fxxpj8ksbH9ebxaEyBLZ85ySDhKiLDBrQSARLq1uNRts8RuJiHjaDMBU4Zn9h8LZNnBC5y4a

Keyspec: m/0/2147483647h/1
privkey: 704addf544a06e5ee4bea37098463c23613da32020d604506da8c0518e1da4b7
wif:     KzyzXnznxSv249b4KuNkBwowaN3akiNeEHy5FWoPCJpStZbEKXN2
pubkey:  03a7d1d856deb74c508e05031f9895dab54626251b3806e16b4bd12e781a7df5b9
addr:    1BxrAr2pHpeBheusmd6fHDP2tSLAUa3qsW
xprv:    xprv9zFnWC6h2cLgpmSA46vutJzBcfJ8yaJGg8cX1e5StJh45BBciYTRXSd25UEPVuesF9yog62tGAQtHjXajPPdbRCHuWS6T8XA2ECKADdw4Ef
xpub:    xpub6DF8uhdarytz3FWdA8TvFSvvAh8dP3283MY7p2V4SeE2wyWmG5mg5EwVvmdMVCQcoNJxGoWaU9DCWh89LojfZ537wTfunKau47EL2dhHKon

Keyspec: m/0/2147483647h/1/2147483646h
privkey: f1c7c871a54a804afe328b4c83a1c33b8e5ff48f5087273f04efa83b247d6a2d
wif:     L5KhaMvPYRW1ZoFmRjUtxxPypQ94m6BcDrPhqArhggdaTbbAFJEF
pubkey:  02d2b36900396c9282fa14628566582f206a5dd0bcc8d5e892611806cafb0301f0
addr:    15XVotxCAV7sRx1PSCkQNsGw3W9jT9A94R
xprv:    xprvA1RpRA33e1JQ7ifknakTFpgNXPmW2YvmhqLQYMmrj4xJXXWYpDPS3xz7iAxn8L39njGVyuoseXzU6rcxFLJ8HFsTjSyQbLYnMpCqE2VbFWc
xpub:    xpub6ERApfZwUNrhLCkDtcHTcxd75RbzS1ed54G1LkBUHQVHQKqhMkhgbmJbZRkrgZw4koxb5JaHWkY4ALHY2grBGRjaDMzQLcgJvLJuZZvRcEL

Keyspec: m/0/2147483647h/1/2147483646h/2
privkey: bb7d39bdb83ecf58f2fd82b6d918341cbef428661ef01ab97c28a4842125ac23
wif:     L3WAYNAZPxx1fr7KCz7GN9nD5qMBnNiqEJNJMU1z9MMaannAt4aK
pubkey:  024d902e1a2fc7a8755ab5b694c575fce742c48d9ff192e63df5193e4c7afe1f9c
addr:    14UKfRV9ZPUp6ZC9PLhqbRtxdihW9em3xt
xprv:    xprvA2nrNbFZABcdryreWet9Ea4LvTJcGsqrMzxHx98MMrotbir7yrKCEXw7nadnHM8Dq38EGfSh6dqA9QWTyefMLEcBYJUuekgW4BYPJcr9E7j
xpub:    xpub6FnCn6nSzZAw5Tw7cgR9bi15UV96gLZhjDstkXXxvCLsUXBGXPdSnLFbdpq8p9HmGsApME5hQTZ3emM2rnY5agb9rXpVGyy3bdW6EEgAtqt

